main.c:131:5:main	8	static
main.c:267:6:SystemClock_Config	88	static
main.c:312:13:MX_TIM2_Init	64	static
main.c:380:13:MX_USART3_UART_Init	8	static
main.c:413:13:MX_USB_OTG_FS_PCD_Init	8	static
main.c:449:13:MX_GPIO_Init	56	static
main.c:496:6:HAL_UART_RxCpltCallback	16	static
main.c:504:6:servo_write	16	static
main.c:510:6:servo_sweep	16	static
main.c:524:5:map	32	static
main.c:529:5:angleToPosition	16	static
main.c:542:6:StartMoveMotor1	16	static
main.c:574:6:StartMoveMotor2	16	static
main.c:598:6:StartMoveMotor3	16	static
main.c:618:6:UpdatePosition	24	static
main.c:665:6:HAL_TIM_PeriodElapsedCallback	16	static
main.c:682:6:Error_Handler	4	static,ignoring_inline_asm
