main.c:117:5:main	8	static
main.c:245:6:SystemClock_Config	88	static
main.c:290:13:MX_TIM2_Init	64	static
main.c:354:13:MX_USART3_UART_Init	8	static
main.c:387:13:MX_USB_OTG_FS_PCD_Init	8	static
main.c:423:13:MX_GPIO_Init	56	static
main.c:470:6:servo_write	16	static
main.c:476:6:servo_sweep	16	static
main.c:490:5:map	32	static
main.c:495:5:angleToPosition	16	static
main.c:508:6:StartMoveMotor1	16	static
main.c:532:6:StartMoveMotor2	16	static
main.c:553:6:StartMoveMotor3	16	static
main.c:571:6:UpdatePosition	32	static
main.c:618:6:HAL_TIM_PeriodElapsedCallback	16	static
main.c:635:6:Error_Handler	4	static,ignoring_inline_asm
